../Core/Src/main.c:82:5:_write	24	static
../Core/Src/main.c:94:5:main	40	static
../Core/Src/main.c:194:6:SystemClock_Config	72	static
../Core/Src/main.c:234:13:MX_I2C2_Init	8	static
../Core/Src/main.c:268:13:MX_SPI2_Init	8	static
../Core/Src/main.c:306:13:MX_TIM2_Init	32	static
../Core/Src/main.c:351:13:MX_TIM3_Init	32	static
../Core/Src/main.c:396:13:MX_USART1_UART_Init	8	static
../Core/Src/main.c:429:13:MX_GPIO_Init	40	static
../Core/Src/main.c:520:6:Error_Handler	4	static,ignoring_inline_asm
